<?php return array (
  0 => 'Symfony\\Bundle\\FrameworkBundle\\Controller\\AbstractController',
  1 => 'Symfony\\Bundle\\FrameworkBundle\\Controller\\Controller',
  2 => 'AppBundle\\Controller\\DefaultController',
  3 => 'BackBundle\\Controller\\DefaultController',
  4 => 'CovoiturageBundle\\Controller\\CovoiturageController',
  5 => 'CovoiturageBundle\\Controller\\DefaultController',
  6 => 'Doctrine\\Bundle\\DoctrineBundle\\Controller\\ProfilerController',
  7 => 'Doctrine\\ORM\\Cache\\Persister\\Entity\\AbstractEntityPersister',
  8 => 'Doctrine\\ORM\\Cache\\Persister\\Entity\\CachedEntityPersister',
  9 => 'Doctrine\\ORM\\Cache\\Persister\\Entity\\NonStrictReadWriteCachedEntityPersister',
  10 => 'Doctrine\\ORM\\Cache\\Persister\\Entity\\ReadOnlyCachedEntityPersister',
  11 => 'Doctrine\\ORM\\Cache\\Persister\\Entity\\ReadWriteCachedEntityPersister',
  12 => 'Doctrine\\ORM\\Persisters\\Entity\\AbstractEntityInheritancePersister',
  13 => 'Doctrine\\ORM\\Persisters\\Entity\\BasicEntityPersister',
  14 => 'Doctrine\\ORM\\Persisters\\Entity\\CachedPersisterContext',
  15 => 'Doctrine\\ORM\\Persisters\\Entity\\EntityPersister',
  16 => 'Doctrine\\ORM\\Persisters\\Entity\\JoinedSubclassPersister',
  17 => 'Doctrine\\ORM\\Persisters\\Entity\\SingleTablePersister',
  18 => 'EntitiesBundle\\Controller\\DefaultController',
  19 => 'EntitiesBundle\\Entity\\Admin',
  20 => 'EntitiesBundle\\Entity\\Adminrh',
  21 => 'EntitiesBundle\\Entity\\Chauffeur',
  22 => 'EntitiesBundle\\Entity\\Client',
  23 => 'EntitiesBundle\\Entity\\Formation',
  24 => 'EntitiesBundle\\Entity\\InscriOffre',
  25 => 'EntitiesBundle\\Entity\\Meuble',
  26 => 'EntitiesBundle\\Entity\\Note',
  27 => 'EntitiesBundle\\Entity\\Offre',
  28 => 'EntitiesBundle\\Entity\\Participation',
  29 => 'EntitiesBundle\\Entity\\Postulation',
  30 => 'EntitiesBundle\\Entity\\Reclamation',
  31 => 'EntitiesBundle\\Entity\\Reservation',
  32 => 'EntitiesBundle\\Entity\\User',
  33 => 'EntitiesBundle\\Entity\\Vehicule',
  34 => 'FOS\\UserBundle\\Controller\\ChangePasswordController',
  35 => 'FOS\\UserBundle\\Controller\\GroupController',
  36 => 'FOS\\UserBundle\\Controller\\ProfileController',
  37 => 'FOS\\UserBundle\\Controller\\RegistrationController',
  38 => 'FOS\\UserBundle\\Controller\\ResettingController',
  39 => 'FOS\\UserBundle\\Controller\\SecurityController',
  42 => 'Symfony\\Bundle\\FrameworkBundle\\Controller\\ControllerNameParser',
  43 => 'Symfony\\Bundle\\FrameworkBundle\\Controller\\ControllerResolver',
  44 => 'Symfony\\Bundle\\FrameworkBundle\\Controller\\ControllerTrait',
  45 => 'Symfony\\Bundle\\FrameworkBundle\\Controller\\RedirectController',
  46 => 'Symfony\\Bundle\\FrameworkBundle\\Controller\\TemplateController',
  47 => 'Symfony\\Bundle\\TwigBundle\\Controller\\ExceptionController',
  48 => 'Symfony\\Bundle\\TwigBundle\\Controller\\PreviewErrorController',
  49 => 'Symfony\\Bundle\\WebProfilerBundle\\Controller\\ExceptionController',
  50 => 'Symfony\\Bundle\\WebProfilerBundle\\Controller\\ProfilerController',
  51 => 'Symfony\\Bundle\\WebProfilerBundle\\Controller\\RouterController',
  52 => 'Symfony\\Component\\HttpKernel\\Controller\\ArgumentResolver',
  53 => 'Symfony\\Component\\HttpKernel\\Controller\\ArgumentResolverInterface',
  54 => 'Symfony\\Component\\HttpKernel\\Controller\\ArgumentResolver\\DefaultValueResolver',
  55 => 'Symfony\\Component\\HttpKernel\\Controller\\ArgumentResolver\\RequestAttributeValueResolver',
  56 => 'Symfony\\Component\\HttpKernel\\Controller\\ArgumentResolver\\RequestValueResolver',
  57 => 'Symfony\\Component\\HttpKernel\\Controller\\ArgumentResolver\\ServiceValueResolver',
  58 => 'Symfony\\Component\\HttpKernel\\Controller\\ArgumentResolver\\SessionValueResolver',
  59 => 'Symfony\\Component\\HttpKernel\\Controller\\ArgumentResolver\\VariadicValueResolver',
  60 => 'Symfony\\Component\\HttpKernel\\Controller\\ArgumentValueResolverInterface',
  61 => 'Symfony\\Component\\HttpKernel\\Controller\\ContainerControllerResolver',
  62 => 'Symfony\\Component\\HttpKernel\\Controller\\ControllerReference',
  63 => 'Symfony\\Component\\HttpKernel\\Controller\\ControllerResolver',
  64 => 'Symfony\\Component\\HttpKernel\\Controller\\ControllerResolverInterface',
  65 => 'Symfony\\Component\\HttpKernel\\Controller\\TraceableArgumentResolver',
  66 => 'Symfony\\Component\\HttpKernel\\Controller\\TraceableControllerResolver',
  67 => 'TaxiBundle\\Controller\\DefaultController',
  68 => 'TransportBundle\\Controller\\DefaultController',
  69 => 'TransportBundle\\Controller\\MeubleController',
  70 => 'TransportBundle\\Controller\\ReservationController',
  71 => 'TransportBundle\\Entity\\quantite',
  72 => 'UserBundle\\Controller\\DefaultController',
  73 => 'UserBundle\\Entity\\User',
  74 => 'VehiculeBundle\\Controller\\DefaultController',
  75 => 'VehiculeBundle\\Controller\\VehiculeController',
);