<?php return array (
  0 => 'Symfony\\Bundle\\FrameworkBundle\\Controller\\AbstractController',
  1 => 'Symfony\\Bundle\\FrameworkBundle\\Controller\\Controller',
  2 => 'AppBundle\\Controller\\DefaultController',
  3 => 'CovoiturageBundle\\Controller\\CovoiturageController',
  4 => 'CovoiturageBundle\\Controller\\DefaultController',
  5 => 'Doctrine\\Bundle\\DoctrineBundle\\Controller\\ProfilerController',
  6 => 'Doctrine\\ORM\\Cache\\Persister\\Entity\\AbstractEntityPersister',
  7 => 'Doctrine\\ORM\\Cache\\Persister\\Entity\\CachedEntityPersister',
  8 => 'Doctrine\\ORM\\Cache\\Persister\\Entity\\NonStrictReadWriteCachedEntityPersister',
  9 => 'Doctrine\\ORM\\Cache\\Persister\\Entity\\ReadOnlyCachedEntityPersister',
  10 => 'Doctrine\\ORM\\Cache\\Persister\\Entity\\ReadWriteCachedEntityPersister',
  11 => 'Doctrine\\ORM\\Persisters\\Entity\\AbstractEntityInheritancePersister',
  12 => 'Doctrine\\ORM\\Persisters\\Entity\\BasicEntityPersister',
  13 => 'Doctrine\\ORM\\Persisters\\Entity\\CachedPersisterContext',
  14 => 'Doctrine\\ORM\\Persisters\\Entity\\EntityPersister',
  15 => 'Doctrine\\ORM\\Persisters\\Entity\\JoinedSubclassPersister',
  16 => 'Doctrine\\ORM\\Persisters\\Entity\\SingleTablePersister',
  17 => 'EntitiesBundle\\Controller\\DefaultController',
  18 => 'EntitiesBundle\\Entity\\Admin',
  19 => 'EntitiesBundle\\Entity\\Adminrh',
  20 => 'EntitiesBundle\\Entity\\Chauffeur',
  21 => 'EntitiesBundle\\Entity\\Client',
  22 => 'EntitiesBundle\\Entity\\Formation',
  23 => 'EntitiesBundle\\Entity\\InscriOffre',
  24 => 'EntitiesBundle\\Entity\\Meuble',
  25 => 'EntitiesBundle\\Entity\\Note',
  26 => 'EntitiesBundle\\Entity\\Offre',
  27 => 'EntitiesBundle\\Entity\\Participation',
  28 => 'EntitiesBundle\\Entity\\Postulation',
  29 => 'EntitiesBundle\\Entity\\Reclamation',
  30 => 'EntitiesBundle\\Entity\\Reservation',
  31 => 'EntitiesBundle\\Entity\\User',
  32 => 'EntitiesBundle\\Entity\\Vehicule',
  33 => 'FOS\\UserBundle\\Controller\\ChangePasswordController',
  34 => 'FOS\\UserBundle\\Controller\\GroupController',
  35 => 'FOS\\UserBundle\\Controller\\ProfileController',
  36 => 'FOS\\UserBundle\\Controller\\RegistrationController',
  37 => 'FOS\\UserBundle\\Controller\\ResettingController',
  38 => 'FOS\\UserBundle\\Controller\\SecurityController',
  41 => 'Symfony\\Bundle\\FrameworkBundle\\Controller\\ControllerNameParser',
  42 => 'Symfony\\Bundle\\FrameworkBundle\\Controller\\ControllerResolver',
  43 => 'Symfony\\Bundle\\FrameworkBundle\\Controller\\ControllerTrait',
  44 => 'Symfony\\Bundle\\FrameworkBundle\\Controller\\RedirectController',
  45 => 'Symfony\\Bundle\\FrameworkBundle\\Controller\\TemplateController',
  46 => 'Symfony\\Bundle\\TwigBundle\\Controller\\ExceptionController',
  47 => 'Symfony\\Bundle\\TwigBundle\\Controller\\PreviewErrorController',
  48 => 'Symfony\\Bundle\\WebProfilerBundle\\Controller\\ExceptionController',
  49 => 'Symfony\\Bundle\\WebProfilerBundle\\Controller\\ProfilerController',
  50 => 'Symfony\\Bundle\\WebProfilerBundle\\Controller\\RouterController',
  51 => 'Symfony\\Component\\HttpKernel\\Controller\\ArgumentResolver',
  52 => 'Symfony\\Component\\HttpKernel\\Controller\\ArgumentResolverInterface',
  53 => 'Symfony\\Component\\HttpKernel\\Controller\\ArgumentResolver\\DefaultValueResolver',
  54 => 'Symfony\\Component\\HttpKernel\\Controller\\ArgumentResolver\\RequestAttributeValueResolver',
  55 => 'Symfony\\Component\\HttpKernel\\Controller\\ArgumentResolver\\RequestValueResolver',
  56 => 'Symfony\\Component\\HttpKernel\\Controller\\ArgumentResolver\\ServiceValueResolver',
  57 => 'Symfony\\Component\\HttpKernel\\Controller\\ArgumentResolver\\SessionValueResolver',
  58 => 'Symfony\\Component\\HttpKernel\\Controller\\ArgumentResolver\\VariadicValueResolver',
  59 => 'Symfony\\Component\\HttpKernel\\Controller\\ArgumentValueResolverInterface',
  60 => 'Symfony\\Component\\HttpKernel\\Controller\\ContainerControllerResolver',
  61 => 'Symfony\\Component\\HttpKernel\\Controller\\ControllerReference',
  62 => 'Symfony\\Component\\HttpKernel\\Controller\\ControllerResolver',
  63 => 'Symfony\\Component\\HttpKernel\\Controller\\ControllerResolverInterface',
  64 => 'Symfony\\Component\\HttpKernel\\Controller\\TraceableArgumentResolver',
  65 => 'Symfony\\Component\\HttpKernel\\Controller\\TraceableControllerResolver',
  66 => 'TransportBundle\\Controller\\DefaultController',
  67 => 'UserBundle\\Controller\\DefaultController',
  68 => 'UserBundle\\Entity\\User',
);